../STemWin/Target/STemwin_wrapper.c:121:13:LcdWriteReg	16	static
../STemWin/Target/STemwin_wrapper.c:133:13:LcdWriteData	16	static
../STemWin/Target/STemwin_wrapper.c:145:13:LcdWriteDataMultiple	16	static
../STemWin/Target/STemwin_wrapper.c:160:13:LcdReadDataMultiple	24	static
../STemWin/Target/STemwin_wrapper.c:177:6:LCD_X_Config	136	static
../STemWin/Target/STemwin_wrapper.c:233:5:LCD_X_DisplayDriver	32	static
../STemWin/Target/STemwin_wrapper.c:262:13:FMC_BANK_WriteData	16	static
../STemWin/Target/STemwin_wrapper.c:273:13:FMC_BANK_WriteReg	16	static
../STemWin/Target/STemwin_wrapper.c:282:6:Write_Command	16	static
../STemWin/Target/STemwin_wrapper.c:293:17:FMC_BANK_ReadData	4	static
../STemWin/Target/STemwin_wrapper.c:298:6:GRAPHICS_IncTick	4	static
../STemWin/Target/STemwin_wrapper.c:303:6:GRAPHICS_HW_Init	8	static
../STemWin/Target/STemwin_wrapper.c:310:6:GRAPHICS_Init	8	static
../STemWin/Target/STemwin_wrapper.c:329:22:LCDController_Init	8	static
../STemWin/Target/STemwin_wrapper.c:382:22:Init_3_LCD	8	static
../STemWin/Target/STemwin_wrapper.c:445:22:gdisp_lld_init	8	static
