port_DRN.c:270:13:prvPortStartFirstTask	0	static,ignoring_inline_asm
port_DRN.c:746:13:vPortEnableVFP	0	static,ignoring_inline_asm
port_DRN.c:219:13:prvTaskExitError	8	static,ignoring_inline_asm
port_DRN.c:189:14:pxPortInitialiseStack	0	static
port_DRN.c:244:6:SVC_Handler	0	static,ignoring_inline_asm
port_DRN.c:310:14:xUnusedISRstackWords	0	static,ignoring_inline_asm
port_DRN.c:440:6:vPortEndScheduler	0	static,ignoring_inline_asm
port_DRN.c:448:6:vPortEnterCritical	0	static,ignoring_inline_asm
port_DRN.c:465:6:vPortExitCritical	0	static,ignoring_inline_asm
port_DRN.c:476:6:PendSV_Handler	0	static,ignoring_inline_asm
port_DRN.c:533:6:SysTick_Handler	8	static,ignoring_inline_asm
port_DRN.c:724:30:vPortSetupTimerInterrupt	0	static
port_DRN.c:332:12:xPortStartScheduler	16	static,ignoring_inline_asm
port_DRN.c:762:7:vPortValidateInterruptPriority	0	static,ignoring_inline_asm
