../Drivers/BSP/components/Bme280/bme280.c:360:8:bme280_init	24	static
../Drivers/BSP/components/Bme280/bme280.c:411:8:bme280_get_regs	40	static
../Drivers/BSP/components/Bme280/bme280.c:444:8:bme280_set_regs	64	static
../Drivers/BSP/components/Bme280/bme280.c:514:8:bme280_set_sensor_settings	24	static
../Drivers/BSP/components/Bme280/bme280.c:557:8:bme280_get_sensor_settings	24	static
../Drivers/BSP/components/Bme280/bme280.c:581:8:bme280_set_sensor_mode	24	static
../Drivers/BSP/components/Bme280/bme280.c:613:8:bme280_get_sensor_mode	24	static
../Drivers/BSP/components/Bme280/bme280.c:634:8:bme280_soft_reset	24	static
../Drivers/BSP/components/Bme280/bme280.c:679:8:bme280_get_sensor_data	48	static
../Drivers/BSP/components/Bme280/bme280.c:716:6:bme280_parse_sensor_data	32	static
../Drivers/BSP/components/Bme280/bme280.c:746:8:bme280_compensate_data	32	static
../Drivers/BSP/components/Bme280/bme280.c:786:10:bme280_cal_meas_delay	32	static
../Drivers/BSP/components/Bme280/bme280.c:836:15:set_osr_settings	32	static
../Drivers/BSP/components/Bme280/bme280.c:857:15:set_osr_humidity_settings	24	static
../Drivers/BSP/components/Bme280/bme280.c:889:15:set_osr_press_temp_settings	32	static
../Drivers/BSP/components/Bme280/bme280.c:918:15:set_filter_standby_settings	32	static
../Drivers/BSP/components/Bme280/bme280.c:949:13:fill_filter_settings	16	static
../Drivers/BSP/components/Bme280/bme280.c:958:13:fill_standby_settings	16	static
../Drivers/BSP/components/Bme280/bme280.c:967:13:fill_osr_press_settings	16	static
../Drivers/BSP/components/Bme280/bme280.c:976:13:fill_osr_temp_settings	16	static
../Drivers/BSP/components/Bme280/bme280.c:986:13:parse_device_settings	16	static
../Drivers/BSP/components/Bme280/bme280.c:998:15:write_power_mode	24	static
../Drivers/BSP/components/Bme280/bme280.c:1024:15:put_device_to_sleep	32	static
../Drivers/BSP/components/Bme280/bme280.c:1048:15:reload_device_settings	24	static
../Drivers/BSP/components/Bme280/bme280.c:1184:16:compensate_temperature	40	static
../Drivers/BSP/components/Bme280/bme280.c:1217:17:compensate_pressure	456	static
../Drivers/BSP/components/Bme280/bme280.c:1325:17:compensate_humidity	48	static
../Drivers/BSP/components/Bme280/bme280.c:1363:15:get_calib_data	48	static
../Drivers/BSP/components/Bme280/bme280.c:1399:13:interleave_reg_addr	32	static
../Drivers/BSP/components/Bme280/bme280.c:1414:13:parse_temp_press_calib_data	24	static
../Drivers/BSP/components/Bme280/bme280.c:1458:13:parse_humidity_calib_data	32	static
../Drivers/BSP/components/Bme280/bme280.c:1481:16:are_settings_changed	24	static
../Drivers/BSP/components/Bme280/bme280.c:1503:15:null_ptr_check	24	static
