../Core/Src/bmp180.c:9:6:BMP180_Reset	8	static
../Core/Src/bmp180.c:14:6:BMP180_WriteReg	16	static
../Core/Src/bmp180.c:19:9:BMP180_ReadReg	16	static
../Core/Src/bmp180.c:24:6:BMP180_ReadCalibration	32	static
../Core/Src/bmp180.c:43:10:BMP180_Read_UT	16	static
../Core/Src/bmp180.c:56:10:BMP180_Read_PT	32	static
../Core/Src/bmp180.c:89:9:BMP180_Calc_RT	16	static
../Core/Src/bmp180.c:96:9:BMP180_Calc_RP	40	static
../Core/Src/bmp180.c:113:9:BMP180_kpa_to_mmhg1	24	static
../Core/Src/bmp180.c:119:9:BMP180_kpa_to_mmhg2	16	static
