../Core/Src/stm32f4xx_it.c:76:6:NMI_Handler	4	static
../Core/Src/stm32f4xx_it.c:90:6:HardFault_Handler	4	static
../Core/Src/stm32f4xx_it.c:132:25:GetRegistersFromStack	72	static
../Core/Src/stm32f4xx_it.c:206:6:MemManage_Handler	4	static
../Core/Src/stm32f4xx_it.c:221:6:BusFault_Handler	4	static
../Core/Src/stm32f4xx_it.c:236:6:UsageFault_Handler	4	static
../Core/Src/stm32f4xx_it.c:251:6:DebugMon_Handler	4	static
../Core/Src/stm32f4xx_it.c:271:6:TIM8_TRG_COM_TIM14_IRQHandler	8	static
../Core/Src/stm32f4xx_it.c:286:6:USART3_IRQHandler	8	static
../Core/Src/stm32f4xx_it.c:301:6:OTG_FS_IRQHandler	8	static
